Archive member included to satisfy reference by file (symbol)

c:/program files (x86)/atmel/studio/7.0/toolchain/avr8/avr8-gnu-toolchain/bin/../lib/gcc/avr/4.9.2/../../../../avr/lib/avrxmega7\libm.a(divsf3.o)
                              src/main.o (__divsf3)
c:/program files (x86)/atmel/studio/7.0/toolchain/avr8/avr8-gnu-toolchain/bin/../lib/gcc/avr/4.9.2/../../../../avr/lib/avrxmega7\libm.a(divsf3x.o)
                              c:/program files (x86)/atmel/studio/7.0/toolchain/avr8/avr8-gnu-toolchain/bin/../lib/gcc/avr/4.9.2/../../../../avr/lib/avrxmega7\libm.a(divsf3.o) (__divsf3x)
c:/program files (x86)/atmel/studio/7.0/toolchain/avr8/avr8-gnu-toolchain/bin/../lib/gcc/avr/4.9.2/../../../../avr/lib/avrxmega7\libm.a(fixsfdi.o)
                              src/main.o (__fixunssfdi)
c:/program files (x86)/atmel/studio/7.0/toolchain/avr8/avr8-gnu-toolchain/bin/../lib/gcc/avr/4.9.2/../../../../avr/lib/avrxmega7\libm.a(floatundisf.o)
                              src/main.o (__floatundisf)
c:/program files (x86)/atmel/studio/7.0/toolchain/avr8/avr8-gnu-toolchain/bin/../lib/gcc/avr/4.9.2/../../../../avr/lib/avrxmega7\libm.a(fp_inf.o)
                              c:/program files (x86)/atmel/studio/7.0/toolchain/avr8/avr8-gnu-toolchain/bin/../lib/gcc/avr/4.9.2/../../../../avr/lib/avrxmega7\libm.a(divsf3x.o) (__fp_inf)
c:/program files (x86)/atmel/studio/7.0/toolchain/avr8/avr8-gnu-toolchain/bin/../lib/gcc/avr/4.9.2/../../../../avr/lib/avrxmega7\libm.a(fp_nan.o)
                              c:/program files (x86)/atmel/studio/7.0/toolchain/avr8/avr8-gnu-toolchain/bin/../lib/gcc/avr/4.9.2/../../../../avr/lib/avrxmega7\libm.a(divsf3x.o) (__fp_nan)
c:/program files (x86)/atmel/studio/7.0/toolchain/avr8/avr8-gnu-toolchain/bin/../lib/gcc/avr/4.9.2/../../../../avr/lib/avrxmega7\libm.a(fp_negdi.o)
                              c:/program files (x86)/atmel/studio/7.0/toolchain/avr8/avr8-gnu-toolchain/bin/../lib/gcc/avr/4.9.2/../../../../avr/lib/avrxmega7\libm.a(fixsfdi.o) (__fp_negdi)
c:/program files (x86)/atmel/studio/7.0/toolchain/avr8/avr8-gnu-toolchain/bin/../lib/gcc/avr/4.9.2/../../../../avr/lib/avrxmega7\libm.a(fp_pscA.o)
                              c:/program files (x86)/atmel/studio/7.0/toolchain/avr8/avr8-gnu-toolchain/bin/../lib/gcc/avr/4.9.2/../../../../avr/lib/avrxmega7\libm.a(divsf3x.o) (__fp_pscA)
c:/program files (x86)/atmel/studio/7.0/toolchain/avr8/avr8-gnu-toolchain/bin/../lib/gcc/avr/4.9.2/../../../../avr/lib/avrxmega7\libm.a(fp_pscB.o)
                              c:/program files (x86)/atmel/studio/7.0/toolchain/avr8/avr8-gnu-toolchain/bin/../lib/gcc/avr/4.9.2/../../../../avr/lib/avrxmega7\libm.a(divsf3x.o) (__fp_pscB)
c:/program files (x86)/atmel/studio/7.0/toolchain/avr8/avr8-gnu-toolchain/bin/../lib/gcc/avr/4.9.2/../../../../avr/lib/avrxmega7\libm.a(fp_round.o)
                              c:/program files (x86)/atmel/studio/7.0/toolchain/avr8/avr8-gnu-toolchain/bin/../lib/gcc/avr/4.9.2/../../../../avr/lib/avrxmega7\libm.a(divsf3.o) (__fp_round)
c:/program files (x86)/atmel/studio/7.0/toolchain/avr8/avr8-gnu-toolchain/bin/../lib/gcc/avr/4.9.2/../../../../avr/lib/avrxmega7\libm.a(fp_split3.o)
                              c:/program files (x86)/atmel/studio/7.0/toolchain/avr8/avr8-gnu-toolchain/bin/../lib/gcc/avr/4.9.2/../../../../avr/lib/avrxmega7\libm.a(divsf3x.o) (__fp_split3)
c:/program files (x86)/atmel/studio/7.0/toolchain/avr8/avr8-gnu-toolchain/bin/../lib/gcc/avr/4.9.2/../../../../avr/lib/avrxmega7\libm.a(fp_zero.o)
                              c:/program files (x86)/atmel/studio/7.0/toolchain/avr8/avr8-gnu-toolchain/bin/../lib/gcc/avr/4.9.2/../../../../avr/lib/avrxmega7\libm.a(divsf3x.o) (__fp_szero)
c:/program files (x86)/atmel/studio/7.0/toolchain/avr8/avr8-gnu-toolchain/bin/../lib/gcc/avr/4.9.2/avrxmega7\libgcc.a(_udivmodhi4.o)
                              src/ASF/xmega/drivers/usb/usb_device.o (__udivmodhi4)
c:/program files (x86)/atmel/studio/7.0/toolchain/avr8/avr8-gnu-toolchain/bin/../lib/gcc/avr/4.9.2/avrxmega7\libgcc.a(_udivmodsi4.o)
                              src/ASF/xmega/drivers/spi/spi.o (__udivmodsi4)
c:/program files (x86)/atmel/studio/7.0/toolchain/avr8/avr8-gnu-toolchain/bin/../lib/gcc/avr/4.9.2/avrxmega7\libgcc.a(_exit.o)
                              C:/Program Files (x86)/Atmel/Studio/7.0/Packs/atmel/XMEGAA_DFP/1.0.36/gcc/dev/atxmega128a4u/avrxmega7/crtatxmega128a4u.o (exit)
c:/program files (x86)/atmel/studio/7.0/toolchain/avr8/avr8-gnu-toolchain/bin/../lib/gcc/avr/4.9.2/avrxmega7\libgcc.a(_tablejump2.o)
                              src/ASF/xmega/drivers/usb/usb_device.o (__tablejump2__)
c:/program files (x86)/atmel/studio/7.0/toolchain/avr8/avr8-gnu-toolchain/bin/../lib/gcc/avr/4.9.2/avrxmega7\libgcc.a(_copy_data.o)
                              src/ASF/common/services/usb/class/hid/device/generic/udi_hid_generic.o (__do_copy_data)
[...]
Memory Configuration

Name             Origin             Length             Attributes
text             0x00000000         0x00100000         xr
data             0x00802000         0x0000ffa0         rw !x
eeprom           0x00810000         0x00010000         rw !x
fuse             0x00820000         0x00000400         rw !x
lock             0x00830000         0x00000400         rw !x
signature        0x00840000         0x00000400         rw !x
user_signatures  0x00850000         0x00000400         rw !x
*default*        0x00000000         0xffffffff

Linker script and memory map

LOAD C:/Program Files (x86)/Atmel/Studio/7.0/Packs/atmel/XMEGAA_DFP/1.0.36/gcc/dev/atxmega128a4u/avrxmega7/crtatxmega128a4u.o
LOAD src/ASF/common/services/ioport/xmega/ioport_compat.o
LOAD src/ASF/common/services/spi/xmega_spi/spi_master.o
LOAD src/ASF/common/services/usb/class/hid/device/generic/udi_hid_generic.o
LOAD src/ASF/common/services/usb/udc/udc.o
LOAD src/ASF/xmega/drivers/spi/spi.o
LOAD src/ASF/xmega/drivers/usb/usb_device.o
LOAD src/ASF/common/services/usb/class/hid/device/generic/udi_hid_generic_desc.o
LOAD src/ASF/common/services/usb/class/hid/device/udi_hid.o
LOAD src/ASF/common/services/sleepmgr/xmega/sleepmgr.o
LOAD src/ASF/common/services/clock/xmega/sysclk.o
LOAD src/ASF/xmega/drivers/nvm/nvm.o
LOAD src/ASF/xmega/drivers/nvm/nvm_asm.o
LOAD src/ASF/xmega/drivers/cpu/ccp.o
LOAD src/ASF/common/boards/user_board/init.o
LOAD src/main.o
START GROUP
LOAD c:/program files (x86)/atmel/studio/7.0/toolchain/avr8/avr8-gnu-toolchain/bin/../lib/gcc/avr/4.9.2/../../../../avr/lib/avrxmega7\libm.a
END GROUP
START GROUP
LOAD c:/program files (x86)/atmel/studio/7.0/toolchain/avr8/avr8-gnu-toolchain/bin/../lib/gcc/avr/4.9.2/avrxmega7\libgcc.a
LOAD c:/program files (x86)/atmel/studio/7.0/toolchain/avr8/avr8-gnu-toolchain/bin/../lib/gcc/avr/4.9.2/../../../../avr/lib/avrxmega7\libm.a
LOAD c:/program files (x86)/atmel/studio/7.0/toolchain/avr8/avr8-gnu-toolchain/bin/../lib/gcc/avr/4.9.2/../../../../avr/lib/avrxmega7\libc.a
LOAD C:/Program Files (x86)/Atmel/Studio/7.0/Packs/atmel/XMEGAA_DFP/1.0.36/gcc/dev/atxmega128a4u/avrxmega7\libatxmega128a4u.a
END GROUP

.hash
 *(.hash)

.dynsym
 *(.dynsym)

.dynstr
 *(.dynstr)

.gnu.version
 *(.gnu.version)

.gnu.version_d
 *(.gnu.version_d)

.gnu.version_r
 *(.gnu.version_r)

.rel.init
 *(.rel.init)

.rela.init
 *(.rela.init)

.rel.text
 *(.rel.text)
 *(.rel.text.*)
 *(.rel.gnu.linkonce.t*)

.rela.text
 *(.rela.text)
 *(.rela.text.*)
 *(.rela.gnu.linkonce.t*)

.rel.fini
 *(.rel.fini)

.rela.fini
 *(.rela.fini)

.rel.rodata
 *(.rel.rodata)
 *(.rel.rodata.*)
 *(.rel.gnu.linkonce.r*)

.rela.rodata
 *(.rela.rodata)
 *(.rela.rodata.*)
 *(.rela.gnu.linkonce.r*)

.rel.data
 *(.rel.data)
 *(.rel.data.*)
 *(.rel.gnu.linkonce.d*)

.rela.data
 *(.rela.data)
 *(.rela.data.*)
 *(.rela.gnu.linkonce.d*)

.rel.ctors
 *(.rel.ctors)

.rela.ctors
 *(.rela.ctors)

.rel.dtors
 *(.rel.dtors)

.rela.dtors
 *(.rela.dtors)

.rel.got
 *(.rel.got)

.rela.got
 *(.rela.got)

.rel.bss
 *(.rel.bss)

.rela.bss
 *(.rela.bss)

.rel.plt
 *(.rel.plt)

.rela.plt
 *(.rela.plt)

.text           0x00000000     0x251c
 *(.vectors)
 .vectors       0x00000000      0x1fc C:/Program Files (x86)/Atmel/Studio/7.0/Packs/atmel/XMEGAA_DFP/1.0.36/gcc/dev/atxmega128a4u/avrxmega7/crtatxmega128a4u.o
                0x00000000                __vector_default
                0x00000000                __vectors
 *(.vectors)
 *(.progmem.gcc*)
 .progmem.gcc_sw_table.udd_ep_get_size
                0x000001fc        0xe src/ASF/xmega/drivers/usb/usb_device.o
                0x0000020a                . = ALIGN (0x2)
                0x0000020a                __trampolines_start = .
 *(.trampolines)
 .trampolines   0x0000020a        0x0 linker stubs
 *(.trampolines*)
                0x0000020a                __trampolines_end = .
 *(.progmem*)
                0x0000020a                . = ALIGN (0x2)
 *(.jumptables)
 *(.jumptables*)
 *(.lowtext)
 *(.lowtext*)
                0x0000020a                __ctors_start = .
 *(.ctors)
                0x0000020a                __ctors_end = .
                0x0000020a                __dtors_start = .
 *(.dtors)
                0x0000020a                __dtors_end = .
 SORT(*)(.ctors)
 SORT(*)(.dtors)
 *(.init0)
 .init0         0x0000020a        0x0 C:/Program Files (x86)/Atmel/Studio/7.0/Packs/atmel/XMEGAA_DFP/1.0.36/gcc/dev/atxmega128a4u/avrxmega7/crtatxmega128a4u.o
                0x0000020a                __init
 *(.init0)
 *(.init1)
 *(.init1)
 *(.init2)
 .init2         0x0000020a       0x18 C:/Program Files (x86)/Atmel/Studio/7.0/Packs/atmel/XMEGAA_DFP/1.0.36/gcc/dev/atxmega128a4u/avrxmega7/crtatxmega128a4u.o
 *(.init2)
 *(.init3)
 *(.init3)
 *(.init4)
 .init4         0x00000222       0x1c c:/program files (x86)/atmel/studio/7.0/toolchain/avr8/avr8-gnu-toolchain/bin/../lib/gcc/avr/4.9.2/avrxmega7\libgcc.a(_copy_data.o)
                0x00000222                __do_copy_data
 .init4         0x0000023e       0x10 c:/program files (x86)/atmel/studio/7.0/toolchain/avr8/avr8-gnu-toolchain/bin/../lib/gcc/avr/4.9.2/avrxmega7\libgcc.a(_clear_bss.o)
                0x0000023e                __do_clear_bss
 *(.init4)
 *(.init5)
 *(.init5)
 *(.init6)
 *(.init6)
 *(.init7)
 *(.init7)
 *(.init8)
 *(.init8)
 *(.init9)
 .init9         0x0000024e        0x8 C:/Program Files (x86)/Atmel/Studio/7.0/Packs/atmel/XMEGAA_DFP/1.0.36/gcc/dev/atxmega128a4u/avrxmega7/crtatxmega128a4u.o
 *(.init9)
 *(.text)
 .text          0x00000256        0x2 C:/Program Files (x86)/Atmel/Studio/7.0/Packs/atmel/XMEGAA_DFP/1.0.36/gcc/dev/atxmega128a4u/avrxmega7/crtatxmega128a4u.o
                0x00000256                __vector_38
                0x00000256                __vector_104
                0x00000256                __vector_22
                0x00000256                __vector_63
                0x00000256                __vector_28
                0x00000256                __vector_67
                0x00000256                __vector_1
                0x00000256                __vector_119
                0x00000256                __vector_32
                0x00000256                __vector_75
                0x00000256                __vector_71
                0x00000256                __vector_91
                0x00000256                __vector_34
                0x00000256                __vector_62
                0x00000256                __vector_77
                0x00000256                __vector_102
                0x00000256                __vector_24
                0x00000256                __vector_12
                0x00000256                __vector_55
                0x00000256                __vector_69
                0x00000256                __vector_81
                0x00000256                __vector_90
                0x00000256                __vector_46
                0x00000256                __bad_interrupt
                0x00000256                __vector_122
                0x00000256                __vector_72
                0x00000256                __vector_114
                0x00000256                __vector_6
                0x00000256                __vector_110
                0x00000256                __vector_31
                0x00000256                __vector_92
                0x00000256                __vector_35
                0x00000256                __vector_78
                0x00000256                __vector_74
                0x00000256                __vector_117
                0x00000256                __vector_39
                0x00000256                __vector_107
                0x00000256                __vector_3
                0x00000256                __vector_105
                0x00000256                __vector_98
                0x00000256                __vector_23
                0x00000256                __vector_68
                0x00000256                __vector_30
                0x00000256                __vector_73
                0x00000256                __vector_45
                0x00000256                __vector_25
                0x00000256                __vector_93
                0x00000256                __vector_61
                0x00000256                __vector_11
                0x00000256                __vector_54
                0x00000256                __vector_99
                0x00000256                __vector_13
                0x00000256                __vector_17
                0x00000256                __vector_19
                0x00000256                __vector_56
                0x00000256                __vector_7
                0x00000256                __vector_49
                0x00000256                __vector_123
                0x00000256                __vector_41
                0x00000256                __vector_86
                0x00000256                __vector_100
                0x00000256                __vector_101
                0x00000256                __vector_64
                0x00000256                __vector_88
                0x00000256                __vector_109
                0x00000256                __vector_43
                0x00000256                __vector_27
                0x00000256                __vector_5
                0x00000256                __vector_113
                0x00000256                __vector_33
                0x00000256                __vector_76
                0x00000256                __vector_115
                0x00000256                __vector_47
                0x00000256                __vector_52
                0x00000256                __vector_37
                0x00000256                __vector_95
                0x00000256                __vector_103
                0x00000256                __vector_96
                0x00000256                __vector_89
                0x00000256                __vector_108
                0x00000256                __vector_4
                0x00000256                __vector_44
                0x00000256                __vector_82
                0x00000256                __vector_106
                0x00000256                __vector_118
                0x00000256                __vector_51
                0x00000256                __vector_9
                0x00000256                __vector_2
                0x00000256                __vector_21
                0x00000256                __vector_15
                0x00000256                __vector_66
                0x00000256                __vector_36
                0x00000256                __vector_79
                0x00000256                __vector_58
                0x00000256                __vector_70
                0x00000256                __vector_83
                0x00000256                __vector_29
                0x00000256                __vector_60
                0x00000256                __vector_121
                0x00000256                __vector_40
                0x00000256                __vector_85
                0x00000256                __vector_94
                0x00000256                __vector_8
                0x00000256                __vector_26
                0x00000256                __vector_48
                0x00000256                __vector_124
                0x00000256                __vector_116
                0x00000256                __vector_112
                0x00000256                __vector_111
                0x00000256                __vector_80
                0x00000256                __vector_14
                0x00000256                __vector_84
                0x00000256                __vector_57
                0x00000256                __vector_53
                0x00000256                __vector_10
                0x00000256                __vector_50
                0x00000256                __vector_16
                0x00000256                __vector_59
                0x00000256                __vector_18
                0x00000256                __vector_97
                0x00000256                __vector_20
                0x00000256                __vector_42
                0x00000256                __vector_87
                0x00000256                __vector_65
                0x00000256                __vector_120
                0x00000258                . = ALIGN (0x2)
 *(.text.*)
 .text.spi_master_init
                0x00000258       0x32 src/ASF/common/services/spi/xmega_spi/spi_master.o
                0x00000258                spi_master_init
 .text.spi_master_setup_device
                0x0000028a       0x3c src/ASF/common/services/spi/xmega_spi/spi_master.o
                0x0000028a                spi_master_setup_device
 .text.spi_write_packet
                0x000002c6       0x1e src/ASF/common/services/spi/xmega_spi/spi_master.o
                0x000002c6                spi_write_packet
 .text.udi_hid_generic_getsetting
                0x000002e4        0x4 src/ASF/common/services/usb/class/hid/device/generic/udi_hid_generic.o
                0x000002e4                udi_hid_generic_getsetting
 .text.udi_hid_generic_setreport
                0x000002e8       0x4c src/ASF/common/services/usb/class/hid/device/generic/udi_hid_generic.o
 .text.udi_hid_generic_setfeature_valid
                0x00000334        0x2 src/ASF/common/services/usb/class/hid/device/generic/udi_hid_generic.o
 .text.udi_hid_generic_report_out_enable
                0x00000336       0x1e src/ASF/common/services/usb/class/hid/device/generic/udi_hid_generic.o
 .text.udi_hid_generic_enable
                0x00000354       0x18 src/ASF/common/services/usb/class/hid/device/generic/udi_hid_generic.o
                0x00000354                udi_hid_generic_enable
 .text.udi_hid_generic_report_out_received
                0x0000036c       0x16 src/ASF/common/services/usb/class/hid/device/generic/udi_hid_generic.o
 .text.udi_hid_generic_disable
                0x00000382        0x6 src/ASF/common/services/usb/class/hid/device/generic/udi_hid_generic.o
                0x00000382                udi_hid_generic_disable
 .text.udi_hid_generic_setup
                0x00000388       0x16 src/ASF/common/services/usb/class/hid/device/generic/udi_hid_generic.o
                0x00000388                udi_hid_generic_setup
 .text.udc_next_desc_in_iface
                0x0000039e       0x64 src/ASF/common/services/usb/udc/udc.o
 .text.udc_valid_address
                0x00000402        0xa src/ASF/common/services/usb/udc/udc.o
 .text.udc_update_iface_desc
                0x0000040c       0x74 src/ASF/common/services/usb/udc/udc.o
 .text.udc_iface_disable
                0x00000480       0x84 src/ASF/common/services/usb/udc/udc.o
 .text.udc_iface_enable
                0x00000504       0x64 src/ASF/common/services/usb/udc/udc.o
 .text.udc_get_interface_desc
                0x00000568        0xa src/ASF/common/services/usb/udc/udc.o
                0x00000568                udc_get_interface_desc
 .text.udc_start
                0x00000572        0x4 src/ASF/common/services/usb/udc/udc.o
                0x00000572                udc_start
 .text.udc_reset
                0x00000576       0x4e src/ASF/common/services/usb/udc/udc.o
                0x00000576                udc_reset
 .text.udc_sof_notify
                0x000005c4       0x60 src/ASF/common/services/usb/udc/udc.o
                0x000005c4                udc_sof_notify
 .text.udc_process_setup
                0x00000624      0x504 src/ASF/common/services/usb/udc/udc.o
                0x00000624                udc_process_setup
 .text.spi_xmega_set_baud_div
                0x00000b28       0x90 src/ASF/xmega/drivers/spi/spi.o
                0x00000b28                spi_xmega_set_baud_div
 .text.udd_sleep_mode
                0x00000bb8       0x52 src/ASF/xmega/drivers/usb/usb_device.o
 .text.udd_ctrl_init
                0x00000c0a       0x4e src/ASF/xmega/drivers/usb/usb_device.o
 .text.udd_ctrl_stall_data
                0x00000c58       0x1c src/ASF/xmega/drivers/usb/usb_device.o
 .text.udd_ctrl_send_zlp_in
                0x00000c74       0x1c src/ASF/xmega/drivers/usb/usb_device.o
 .text.udd_ctrl_endofrequest
                0x00000c90       0x10 src/ASF/xmega/drivers/usb/usb_device.o
 .text.udd_ctrl_in_sent
                0x00000ca0       0xd8 src/ASF/xmega/drivers/usb/usb_device.o
 .text.udd_ep_get_size
                0x00000d78       0x52 src/ASF/xmega/drivers/usb/usb_device.o
 .text.udd_ep_get_job
                0x00000dca       0x36 src/ASF/xmega/drivers/usb/usb_device.o
 .text.udd_ctrl_interrupt_tc_setup
                0x00000e00       0xde src/ASF/xmega/drivers/usb/usb_device.o
 .text.udd_ep_trans_complet
                0x00000ede      0x306 src/ASF/xmega/drivers/usb/usb_device.o
 .text.udd_attach
                0x000011e4       0x46 src/ASF/xmega/drivers/usb/usb_device.o
                0x000011e4                udd_attach
 .text.udd_enable
                0x0000122a       0xe4 src/ASF/xmega/drivers/usb/usb_device.o
                0x0000122a                udd_enable
 .text.udd_set_address
                0x0000130e        0x6 src/ASF/xmega/drivers/usb/usb_device.o
                0x0000130e                udd_set_address
 .text.udd_getaddress
                0x00001314        0x6 src/ASF/xmega/drivers/usb/usb_device.o
                0x00001314                udd_getaddress
 .text.udd_set_setup_payload
                0x0000131a        0xe src/ASF/xmega/drivers/usb/usb_device.o
                0x0000131a                udd_set_setup_payload
 .text.udd_ep_alloc
                0x00001328      0x110 src/ASF/xmega/drivers/usb/usb_device.o
                0x00001328                udd_ep_alloc
 .text.udd_ep_is_halted
                0x00001438       0x36 src/ASF/xmega/drivers/usb/usb_device.o
                0x00001438                udd_ep_is_halted
 .text.udd_ep_clear_halt
                0x0000146e       0x6a src/ASF/xmega/drivers/usb/usb_device.o
                0x0000146e                udd_ep_clear_halt
 .text.udd_ep_run
                0x000014d8      0x174 src/ASF/xmega/drivers/usb/usb_device.o
                0x000014d8                udd_ep_run
 .text.udd_ep_abort
                0x0000164c       0x92 src/ASF/xmega/drivers/usb/usb_device.o
                0x0000164c                udd_ep_abort
 .text.udd_ep_free
                0x000016de       0x38 src/ASF/xmega/drivers/usb/usb_device.o
                0x000016de                udd_ep_free
 .text.udd_ep_set_halt
                0x00001716       0x4e src/ASF/xmega/drivers/usb/usb_device.o
                0x00001716                udd_ep_set_halt
 .text.__vector_125
                0x00001764      0x17e src/ASF/xmega/drivers/usb/usb_device.o
                0x00001764                __vector_125
 .text.__vector_126
                0x000018e2      0x20c src/ASF/xmega/drivers/usb/usb_device.o
                0x000018e2                __vector_126
 .text.udi_hid_setup
                0x00001aee      0x136 src/ASF/common/services/usb/class/hid/device/udi_hid.o
                0x00001aee                udi_hid_setup
 .text.sysclk_init
                0x00001c24       0xfa src/ASF/common/services/clock/xmega/sysclk.o
                0x00001c24                sysclk_init
 .text.sysclk_enable_module
                0x00001d1e       0x18 src/ASF/common/services/clock/xmega/sysclk.o
                0x00001d1e                sysclk_enable_module
 .text.sysclk_enable_usb
                0x00001d36       0x6e src/ASF/common/services/clock/xmega/sysclk.o
                0x00001d36                sysclk_enable_usb
 .text.nvm_read_byte
                0x00001da4       0x14 src/ASF/xmega/drivers/nvm/nvm_asm.o
                0x00001da4                nvm_read_byte
 .text.ccp_write_io
                0x00001db8        0xc src/ASF/xmega/drivers/cpu/ccp.o
                0x00001db8                ccp_write_io
 .text.board_init
                0x00001dc4        0x2 src/ASF/common/boards/user_board/init.o
                0x00001dc4                board_init
 .text._write_pixel_color
                0x00001dc6       0xa4 src/main.o
 .text.led_matrix_transfer_row
                0x00001e6a      0x140 src/main.o
 .text.hid_cb_enable
                0x00001faa        0x8 src/main.o
                0x00001faa                hid_cb_enable
 .text.hid_cb_disable
                0x00001fb2        0x6 src/main.o
                0x00001fb2                hid_cb_disable
 .text.hid_cb_report_out
                0x00001fb8       0x58 src/main.o
                0x00001fb8                hid_cb_report_out
 .text.main     0x00002010      0x136 src/main.o
                0x00002010                main
 .text.avr-libc.fplib
                0x00002146        0x4 c:/program files (x86)/atmel/studio/7.0/toolchain/avr8/avr8-gnu-toolchain/bin/../lib/gcc/avr/4.9.2/../../../../avr/lib/avrxmega7\libm.a(divsf3.o)
                0x00002146                __divsf3
 .text.avr-libc.fplib
                0x0000214a       0xcc c:/program files (x86)/atmel/studio/7.0/toolchain/avr8/avr8-gnu-toolchain/bin/../lib/gcc/avr/4.9.2/../../../../avr/lib/avrxmega7\libm.a(divsf3x.o)
                0x00002160                __divsf3x
                0x00002164                __divsf3_pse
 .text.avr-libc.fplib
                0x00002216       0x74 c:/program files (x86)/atmel/studio/7.0/toolchain/avr8/avr8-gnu-toolchain/bin/../lib/gcc/avr/4.9.2/../../../../avr/lib/avrxmega7\libm.a(fixsfdi.o)
                0x00002216                __fixsfdi
                0x00002220                __fixunssfdi
 .text.avr-libc.fplib
                0x0000228a       0x7c c:/program files (x86)/atmel/studio/7.0/toolchain/avr8/avr8-gnu-toolchain/bin/../lib/gcc/avr/4.9.2/../../../../avr/lib/avrxmega7\libm.a(floatundisf.o)
                0x0000228a                __floatundisf
                0x0000228c                __fp_di2sf
 .text.avr-libc.fplib
                0x00002306        0xc c:/program files (x86)/atmel/studio/7.0/toolchain/avr8/avr8-gnu-toolchain/bin/../lib/gcc/avr/4.9.2/../../../../avr/lib/avrxmega7\libm.a(fp_inf.o)
                0x00002306                __fp_inf
 .text.avr-libc.fplib
                0x00002312        0x6 c:/program files (x86)/atmel/studio/7.0/toolchain/avr8/avr8-gnu-toolchain/bin/../lib/gcc/avr/4.9.2/../../../../avr/lib/avrxmega7\libm.a(fp_nan.o)
                0x00002312                __fp_nan
 .text.avr-libc.fplib
                0x00002318       0x20 c:/program files (x86)/atmel/studio/7.0/toolchain/avr8/avr8-gnu-toolchain/bin/../lib/gcc/avr/4.9.2/../../../../avr/lib/avrxmega7\libm.a(fp_negdi.o)
                0x00002318                __fp_negdi
 .text.avr-libc.fplib
                0x00002338        0xe c:/program files (x86)/atmel/studio/7.0/toolchain/avr8/avr8-gnu-toolchain/bin/../lib/gcc/avr/4.9.2/../../../../avr/lib/avrxmega7\libm.a(fp_pscA.o)
                0x00002338                __fp_pscA
 .text.avr-libc.fplib
                0x00002346        0xe c:/program files (x86)/atmel/studio/7.0/toolchain/avr8/avr8-gnu-toolchain/bin/../lib/gcc/avr/4.9.2/../../../../avr/lib/avrxmega7\libm.a(fp_pscB.o)
                0x00002346                __fp_pscB
 .text.avr-libc.fplib
                0x00002354       0x22 c:/program files (x86)/atmel/studio/7.0/toolchain/avr8/avr8-gnu-toolchain/bin/../lib/gcc/avr/4.9.2/../../../../avr/lib/avrxmega7\libm.a(fp_round.o)
                0x00002354                __fp_round
 .text.avr-libc.fplib
                0x00002376       0x44 c:/program files (x86)/atmel/studio/7.0/toolchain/avr8/avr8-gnu-toolchain/bin/../lib/gcc/avr/4.9.2/../../../../avr/lib/avrxmega7\libm.a(fp_split3.o)
                0x00002376                __fp_split3
                0x00002386                __fp_splitA
 .text.avr-libc.fplib
                0x000023ba        0xe c:/program files (x86)/atmel/studio/7.0/toolchain/avr8/avr8-gnu-toolchain/bin/../lib/gcc/avr/4.9.2/../../../../avr/lib/avrxmega7\libm.a(fp_zero.o)
                0x000023ba                __fp_zero
                0x000023bc                __fp_szero
 .text.libgcc.div
                0x000023c8       0x28 c:/program files (x86)/atmel/studio/7.0/toolchain/avr8/avr8-gnu-toolchain/bin/../lib/gcc/avr/4.9.2/avrxmega7\libgcc.a(_udivmodhi4.o)
                0x000023c8                __udivmodhi4
 .text.libgcc.div
                0x000023f0       0x44 c:/program files (x86)/atmel/studio/7.0/toolchain/avr8/avr8-gnu-toolchain/bin/../lib/gcc/avr/4.9.2/avrxmega7\libgcc.a(_udivmodsi4.o)
                0x000023f0                __udivmodsi4
 .text.libgcc   0x00002434       0x12 c:/program files (x86)/atmel/studio/7.0/toolchain/avr8/avr8-gnu-toolchain/bin/../lib/gcc/avr/4.9.2/avrxmega7\libgcc.a(_tablejump2.o)
                0x00002434                __tablejump2__
 .text.libgcc.mul
                0x00002446       0x92 c:/program files (x86)/atmel/studio/7.0/toolchain/avr8/avr8-gnu-toolchain/bin/../lib/gcc/avr/4.9.2/avrxmega7\libgcc.a(_muldi3.o)
                0x00002446                __muldi3
 .text.libgcc.mul
                0x000024d8       0x10 c:/program files (x86)/atmel/studio/7.0/toolchain/avr8/avr8-gnu-toolchain/bin/../lib/gcc/avr/4.9.2/avrxmega7\libgcc.a(_muldi3_6.o)
                0x000024d8                __muldi3_6
 .text.libgcc.mul
                0x000024e8       0x1e c:/program files (x86)/atmel/studio/7.0/toolchain/avr8/avr8-gnu-toolchain/bin/../lib/gcc/avr/4.9.2/avrxmega7\libgcc.a(_umulhisi3.o)
                0x000024e8                __umulhisi3
 .text.avr-libc
                0x00002506       0x12 c:/program files (x86)/atmel/studio/7.0/toolchain/avr8/avr8-gnu-toolchain/bin/../lib/gcc/avr/4.9.2/../../../../avr/lib/avrxmega7\libc.a(memcpy.o)
                0x00002506                memcpy
                0x00002518                . = ALIGN (0x2)
 *(.fini9)
 .fini9         0x00002518        0x0 c:/program files (x86)/atmel/studio/7.0/toolchain/avr8/avr8-gnu-toolchain/bin/../lib/gcc/avr/4.9.2/avrxmega7\libgcc.a(_exit.o)
                0x00002518                _exit
                0x00002518                exit
 *(.fini9)
 *(.fini8)
 *(.fini8)
 *(.fini7)
 *(.fini7)
 *(.fini6)
 *(.fini6)
 *(.fini5)
 *(.fini5)
 *(.fini4)
 *(.fini4)
 *(.fini3)
 *(.fini3)
 *(.fini2)
 *(.fini2)
 *(.fini1)
 *(.fini1)
 *(.fini0)
 .fini0         0x00002518        0x4 c:/program files (x86)/atmel/studio/7.0/toolchain/avr8/avr8-gnu-toolchain/bin/../lib/gcc/avr/4.9.2/avrxmega7\libgcc.a(_exit.o)
 *(.fini0)
                0x0000251c                _etext = .

.data           0x00802000       0xfc load address 0x0000251c
                0x00802000                PROVIDE (__data_start, .)
 *(.data)
 *(.data*)
 .data.udi_hid_generic_report_desc
                0x00802000       0x35 src/ASF/common/services/usb/class/hid/device/generic/udi_hid_generic.o
                0x00802000                udi_hid_generic_report_desc
 .data.udi_api_hid_generic
                0x00802035        0xa src/ASF/common/services/usb/class/hid/device/generic/udi_hid_generic.o
                0x00802035                udi_api_hid_generic
 *fill*         0x0080203f        0x1 
 .data.udc_string_desc
                0x00802040       0x2a src/ASF/common/services/usb/udc/udc.o
 .data.udc_string_product_name
                0x0080206a       0x15 src/ASF/common/services/usb/udc/udc.o
 .data.udc_string_manufacturer_name
                0x0080207f        0xc src/ASF/common/services/usb/udc/udc.o
 *fill*         0x0080208b        0x1 
 .data.udc_string_desc_languageid
                0x0080208c        0x4 src/ASF/common/services/usb/udc/udc.o
 .data.udc_config
                0x00802090        0x6 src/ASF/common/services/usb/class/hid/device/generic/udi_hid_generic_desc.o
                0x00802090                udc_config
 .data.udc_config_fshs
                0x00802096        0x4 src/ASF/common/services/usb/class/hid/device/generic/udi_hid_generic_desc.o
                0x00802096                udc_config_fshs
 .data.udi_apis
                0x0080209a        0x2 src/ASF/common/services/usb/class/hid/device/generic/udi_hid_generic_desc.o
                0x0080209a                udi_apis
 .data.udc_desc
                0x0080209c       0x2a src/ASF/common/services/usb/class/hid/device/generic/udi_hid_generic_desc.o
                0x0080209c                udc_desc
 .data.udc_device_desc
                0x008020c6       0x12 src/ASF/common/services/usb/class/hid/device/generic/udi_hid_generic_desc.o
                0x008020c6                udc_device_desc
 .data.other_pixel_buffer
                0x008020d8        0x2 src/main.o
 .data.cur_pixel_buffer
                0x008020da        0x2 src/main.o
 *(.rodata)
 *(.rodata*)
 .rodata.str1.1
                0x008020dc        0xa src/ASF/common/services/usb/udc/udc.o
 .rodata.bright_delay_usecs
                0x008020e6        0x6 src/main.o
 .rodata.col_map
                0x008020ec        0x8 src/main.o
 .rodata.row_map
                0x008020f4        0x8 src/main.o
 *(.gnu.linkonce.d*)
                0x008020fc                . = ALIGN (0x2)
                0x008020fc                _edata = .
                0x008020fc                PROVIDE (__data_end, .)

.bss            0x008020fc      0x3f4
                0x008020fc                PROVIDE (__bss_start, .)
 *(.bss)
 *(.bss*)
 .bss.udi_hid_generic_report_feature
                0x008020fc        0x4 src/ASF/common/services/usb/class/hid/device/generic/udi_hid_generic.o
 .bss.udi_hid_generic_report_out
                0x00802100       0x92 src/ASF/common/services/usb/class/hid/device/generic/udi_hid_generic.o
 .bss.udi_hid_generic_b_report_in_free
                0x00802192        0x1 src/ASF/common/services/usb/class/hid/device/generic/udi_hid_generic.o
 *fill*         0x00802193        0x1 
 .bss.udi_hid_generic_protocol
                0x00802194        0x2 src/ASF/common/services/usb/class/hid/device/generic/udi_hid_generic.o
 .bss.udi_hid_generic_rate
                0x00802196        0x2 src/ASF/common/services/usb/class/hid/device/generic/udi_hid_generic.o
 .bss.udc_ep_status.4543
                0x00802198        0x2 src/ASF/common/services/usb/udc/udc.o
 .bss.udc_ptr_iface
                0x0080219a        0x2 src/ASF/common/services/usb/udc/udc.o
 .bss.udc_ptr_conf
                0x0080219c        0x2 src/ASF/common/services/usb/udc/udc.o
 .bss.udc_num_configuration
                0x0080219e        0x2 src/ASF/common/services/usb/udc/udc.o
 .bss.udc_iface_setting
                0x008021a0        0x2 src/ASF/common/services/usb/udc/udc.o
 .bss.udc_device_status
                0x008021a2        0x2 src/ASF/common/services/usb/udc/udc.o
 .bss.b_shortpacket.5246
                0x008021a4        0x1 src/ASF/xmega/drivers/usb/usb_device.o
 .bss.udd_ep_out_cache_buffer
                0x008021a5       0x80 src/ASF/xmega/drivers/usb/usb_device.o
 .bss.udd_ep_job
                0x00802225       0x24 src/ASF/xmega/drivers/usb/usb_device.o
 .bss.udd_ctrl_buffer
                0x00802249        0x8 src/ASF/xmega/drivers/usb/usb_device.o
 .bss.udd_ctrl_payload_nb_trans
                0x00802251        0x2 src/ASF/xmega/drivers/usb/usb_device.o
 .bss.udd_ctrl_prev_payload_nb_trans
                0x00802253        0x2 src/ASF/xmega/drivers/usb/usb_device.o
 .bss.udd_ep_control_state
                0x00802255        0x1 src/ASF/xmega/drivers/usb/usb_device.o
 *fill*         0x00802256        0x2 
 .bss.udd_sram  0x00802258       0x40 src/ASF/xmega/drivers/usb/usb_device.o
 .bss.udd_b_idle
                0x00802298        0x1 src/ASF/xmega/drivers/usb/usb_device.o
 .bss._buffer_B
                0x00802299      0x120 src/main.o
 .bss._buffer_A
                0x008023b9      0x120 src/main.o
 .bss.hid_enabled
                0x008024d9        0x1 src/main.o
 *(COMMON)
 COMMON         0x008024da       0x10 src/ASF/xmega/drivers/usb/usb_device.o
                0x008024da                udd_g_ctrlreq
 COMMON         0x008024ea        0x6 src/ASF/common/services/sleepmgr/xmega/sleepmgr.o
                0x008024ea                sleepmgr_locks
                0x008024f0                PROVIDE (__bss_end, .)
                0x0000251c                __data_load_start = LOADADDR (.data)
                0x00002618                __data_load_end = (__data_load_start + SIZEOF (.data))

.noinit         0x008024f0        0x0
                0x008024f0                PROVIDE (__noinit_start, .)
 *(.noinit*)
                0x008024f0                PROVIDE (__noinit_end, .)
                0x008024f0                _end = .
                0x008024f0                PROVIDE (__heap_start, .)

.eeprom         0x00810000        0x0
 *(.eeprom*)
                0x00810000                __eeprom_end = .

.fuse
 *(.fuse)
 *(.lfuse)
 *(.hfuse)
 *(.efuse)

.lock
 *(.lock*)

.signature
 *(.signature*)

.user_signatures
 *(.user_signatures*)

.stab
 *(.stab)

.stabstr
 *(.stabstr)

.stab.excl
 *(.stab.excl)

.stab.exclstr
 *(.stab.exclstr)

.stab.index
 *(.stab.index)

.stab.indexstr
 *(.stab.indexstr)

.comment        0x00000000       0x30
 *(.comment)
 .comment       0x00000000       0x30 src/ASF/common/services/spi/xmega_spi/spi_master.o
                                 0x31 (size before relaxing)
 .comment       0x00000030       0x31 src/ASF/common/services/usb/class/hid/device/generic/udi_hid_generic.o
 .comment       0x00000030       0x31 src/ASF/common/services/usb/udc/udc.o
 .comment       0x00000030       0x31 src/ASF/xmega/drivers/spi/spi.o
 .comment       0x00000030       0x31 src/ASF/xmega/drivers/usb/usb_device.o
 .comment       0x00000030       0x31 src/ASF/common/services/usb/class/hid/device/generic/udi_hid_generic_desc.o
 .comment       0x00000030       0x31 src/ASF/common/services/usb/class/hid/device/udi_hid.o
 .comment       0x00000030       0x31 src/ASF/common/services/sleepmgr/xmega/sleepmgr.o
 .comment       0x00000030       0x31 src/ASF/common/services/clock/xmega/sysclk.o
 .comment       0x00000030       0x31 src/ASF/common/boards/user_board/init.o
 .comment       0x00000030       0x31 src/main.o

.note.gnu.avr.deviceinfo
                0x00000000       0x40
 .note.gnu.avr.deviceinfo
                0x00000000       0x40 C:/Program Files (x86)/Atmel/Studio/7.0/Packs/atmel/XMEGAA_DFP/1.0.36/gcc/dev/atxmega128a4u/avrxmega7/crtatxmega128a4u.o

.note.gnu.build-id
 *(.note.gnu.build-id)

.debug
 *(.debug)

.line
 *(.line)

.debug_srcinfo
 *(.debug_srcinfo)

.debug_sfnames
 *(.debug_sfnames)

.debug_aranges  0x00000000      0x3a0
 *(.debug_aranges)
 .debug_aranges
                0x00000000       0x48 src/ASF/common/services/spi/xmega_spi/spi_master.o
 .debug_aranges
                0x00000048       0x68 src/ASF/common/services/usb/class/hid/device/generic/udi_hid_generic.o
 .debug_aranges
                0x000000b0       0x70 src/ASF/common/services/usb/udc/udc.o
 .debug_aranges
                0x00000120       0x20 src/ASF/xmega/drivers/spi/spi.o
 .debug_aranges
                0x00000140      0x120 src/ASF/xmega/drivers/usb/usb_device.o
 .debug_aranges
                0x00000260       0x18 src/ASF/common/services/usb/class/hid/device/generic/udi_hid_generic_desc.o
 .debug_aranges
                0x00000278       0x20 src/ASF/common/services/usb/class/hid/device/udi_hid.o
 .debug_aranges
                0x00000298       0x18 src/ASF/common/services/sleepmgr/xmega/sleepmgr.o
 .debug_aranges
                0x000002b0       0x40 src/ASF/common/services/clock/xmega/sysclk.o
 .debug_aranges
                0x000002f0       0x28 src/ASF/xmega/drivers/nvm/nvm_asm.o
 .debug_aranges
                0x00000318       0x20 src/ASF/xmega/drivers/cpu/ccp.o
 .debug_aranges
                0x00000338       0x20 src/ASF/common/boards/user_board/init.o
 .debug_aranges
                0x00000358       0x48 src/main.o

.debug_pubnames
 *(.debug_pubnames)

.debug_info     0x00000000     0x7456
 *(.debug_info .gnu.linkonce.wi.*)
 .debug_info    0x00000000      0xc01 src/ASF/common/services/spi/xmega_spi/spi_master.o
 .debug_info    0x00000c01      0x6d9 src/ASF/common/services/usb/class/hid/device/generic/udi_hid_generic.o
 .debug_info    0x000012da     0x115c src/ASF/common/services/usb/udc/udc.o
 .debug_info    0x00002436      0x1b9 src/ASF/xmega/drivers/spi/spi.o
 .debug_info    0x000025ef     0x1ddb src/ASF/xmega/drivers/usb/usb_device.o
 .debug_info    0x000043ca      0x691 src/ASF/common/services/usb/class/hid/device/generic/udi_hid_generic_desc.o
 .debug_info    0x00004a5b      0x41b src/ASF/common/services/usb/class/hid/device/udi_hid.o
 .debug_info    0x00004e76      0x121 src/ASF/common/services/sleepmgr/xmega/sleepmgr.o
 .debug_info    0x00004f97      0xe59 src/ASF/common/services/clock/xmega/sysclk.o
 .debug_info    0x00005df0       0x96 src/ASF/xmega/drivers/nvm/nvm_asm.o
 .debug_info    0x00005e86       0x96 src/ASF/xmega/drivers/cpu/ccp.o
 .debug_info    0x00005f1c       0xff src/ASF/common/boards/user_board/init.o
 .debug_info    0x0000601b     0x143b src/main.o

.debug_abbrev   0x00000000     0x1acd
 *(.debug_abbrev)
 .debug_abbrev  0x00000000      0x2a9 src/ASF/common/services/spi/xmega_spi/spi_master.o
 .debug_abbrev  0x000002a9      0x341 src/ASF/common/services/usb/class/hid/device/generic/udi_hid_generic.o
 .debug_abbrev  0x000005ea      0x3c0 src/ASF/common/services/usb/udc/udc.o
 .debug_abbrev  0x000009aa       0xf6 src/ASF/xmega/drivers/spi/spi.o
 .debug_abbrev  0x00000aa0      0x5c3 src/ASF/xmega/drivers/usb/usb_device.o
 .debug_abbrev  0x00001063       0xfe src/ASF/common/services/usb/class/hid/device/generic/udi_hid_generic_desc.o
 .debug_abbrev  0x00001161      0x17e src/ASF/common/services/usb/class/hid/device/udi_hid.o
 .debug_abbrev  0x000012df       0x80 src/ASF/common/services/sleepmgr/xmega/sleepmgr.o
 .debug_abbrev  0x0000135f      0x2cd src/ASF/common/services/clock/xmega/sysclk.o
 .debug_abbrev  0x0000162c       0x12 src/ASF/xmega/drivers/nvm/nvm_asm.o
 .debug_abbrev  0x0000163e       0x14 src/ASF/xmega/drivers/cpu/ccp.o
 .debug_abbrev  0x00001652       0x8b src/ASF/common/boards/user_board/init.o
 .debug_abbrev  0x000016dd      0x3f0 src/main.o

.debug_line     0x00000000     0x5f0d
 *(.debug_line .debug_line.* .debug_line_end)
 .debug_line    0x00000000      0x76f src/ASF/common/services/spi/xmega_spi/spi_master.o
 .debug_line    0x0000076f      0x6ce src/ASF/common/services/usb/class/hid/device/generic/udi_hid_generic.o
 .debug_line    0x00000e3d      0xa37 src/ASF/common/services/usb/udc/udc.o
 .debug_line    0x00001874      0x4ad src/ASF/xmega/drivers/spi/spi.o
 .debug_line    0x00001d21     0x14cd src/ASF/xmega/drivers/usb/usb_device.o
 .debug_line    0x000031ee      0x524 src/ASF/common/services/usb/class/hid/device/generic/udi_hid_generic_desc.o
 .debug_line    0x00003712      0x622 src/ASF/common/services/usb/class/hid/device/udi_hid.o
 .debug_line    0x00003d34      0x456 src/ASF/common/services/sleepmgr/xmega/sleepmgr.o
 .debug_line    0x0000418a      0x789 src/ASF/common/services/clock/xmega/sysclk.o
 .debug_line    0x00004913      0x11f src/ASF/xmega/drivers/nvm/nvm_asm.o
 .debug_line    0x00004a32       0x6e src/ASF/xmega/drivers/cpu/ccp.o
 .debug_line    0x00004aa0      0x8e6 src/ASF/common/boards/user_board/init.o
 .debug_line    0x00005386      0xb87 src/main.o

.debug_frame    0x00000000      0x85c
 *(.debug_frame)
 .debug_frame   0x00000000       0x9c src/ASF/common/services/spi/xmega_spi/spi_master.o
 .debug_frame   0x0000009c       0xd0 src/ASF/common/services/usb/class/hid/device/generic/udi_hid_generic.o
 .debug_frame   0x0000016c      0x114 src/ASF/common/services/usb/udc/udc.o
 .debug_frame   0x00000280       0x4c src/ASF/xmega/drivers/spi/spi.o
 .debug_frame   0x000002cc      0x3d8 src/ASF/xmega/drivers/usb/usb_device.o
 .debug_frame   0x000006a4       0x30 src/ASF/common/services/usb/class/hid/device/udi_hid.o
 .debug_frame   0x000006d4       0x74 src/ASF/common/services/clock/xmega/sysclk.o
 .debug_frame   0x00000748       0x24 src/ASF/common/boards/user_board/init.o
 .debug_frame   0x0000076c       0xf0 src/main.o

.debug_str      0x00000000    0x2f4c4
 *(.debug_str)
 .debug_str     0x00000000    0x2695b src/ASF/common/services/spi/xmega_spi/spi_master.o
                              0x27177 (size before relaxing)
 .debug_str     0x0002695b     0x2d24 src/ASF/common/services/usb/class/hid/device/generic/udi_hid_generic.o
                              0x27dfb (size before relaxing)
 .debug_str     0x0002967f      0xb4b src/ASF/common/services/usb/udc/udc.o
                              0x28414 (size before relaxing)
 .debug_str     0x0002a1ca       0xba src/ASF/xmega/drivers/spi/spi.o
                              0x253f9 (size before relaxing)
 .debug_str     0x0002a284     0x404c src/ASF/xmega/drivers/usb/usb_device.o
                              0x2cf45 (size before relaxing)
 .debug_str     0x0002e2d0      0x166 src/ASF/common/services/usb/class/hid/device/generic/udi_hid_generic_desc.o
                              0x27d75 (size before relaxing)
 .debug_str     0x0002e436      0x10e src/ASF/common/services/usb/class/hid/device/udi_hid.o
                              0x27c11 (size before relaxing)
 .debug_str     0x0002e544       0x35 src/ASF/common/services/sleepmgr/xmega/sleepmgr.o
                              0x25458 (size before relaxing)
 .debug_str     0x0002e579      0x345 src/ASF/common/services/clock/xmega/sysclk.o
                              0x26e27 (size before relaxing)
 .debug_str     0x0002e8be      0x38c src/ASF/common/boards/user_board/init.o
                              0x298c5 (size before relaxing)
 .debug_str     0x0002ec4a      0x87a src/main.o
                              0x2a98b (size before relaxing)

.debug_loc      0x00000000     0x2ded
 *(.debug_loc)
 .debug_loc     0x00000000      0x537 src/ASF/common/services/spi/xmega_spi/spi_master.o
 .debug_loc     0x00000537      0x150 src/ASF/common/services/usb/class/hid/device/generic/udi_hid_generic.o
 .debug_loc     0x00000687      0x4eb src/ASF/common/services/usb/udc/udc.o
 .debug_loc     0x00000b72      0x105 src/ASF/xmega/drivers/spi/spi.o
 .debug_loc     0x00000c77     0x1211 src/ASF/xmega/drivers/usb/usb_device.o
 .debug_loc     0x00001e88      0x3ba src/ASF/common/services/usb/class/hid/device/udi_hid.o
 .debug_loc     0x00002242      0x429 src/ASF/common/services/clock/xmega/sysclk.o
 .debug_loc     0x0000266b      0x782 src/main.o

.debug_macinfo
 *(.debug_macinfo)

.debug_weaknames
 *(.debug_weaknames)

.debug_funcnames
 *(.debug_funcnames)

.debug_typenames
 *(.debug_typenames)

.debug_varnames
 *(.debug_varnames)

.debug_pubtypes
 *(.debug_pubtypes)

.debug_ranges   0x00000000      0x410
 *(.debug_ranges)
 .debug_ranges  0x00000000       0x38 src/ASF/common/services/spi/xmega_spi/spi_master.o
 .debug_ranges  0x00000038       0x58 src/ASF/common/services/usb/class/hid/device/generic/udi_hid_generic.o
 .debug_ranges  0x00000090       0xb0 src/ASF/common/services/usb/udc/udc.o
 .debug_ranges  0x00000140       0x10 src/ASF/xmega/drivers/spi/spi.o
 .debug_ranges  0x00000150      0x140 src/ASF/xmega/drivers/usb/usb_device.o
 .debug_ranges  0x00000290       0x28 src/ASF/common/services/usb/class/hid/device/udi_hid.o
 .debug_ranges  0x000002b8       0x30 src/ASF/common/services/clock/xmega/sysclk.o
 .debug_ranges  0x000002e8       0x20 src/ASF/xmega/drivers/nvm/nvm_asm.o
 .debug_ranges  0x00000308       0x10 src/ASF/common/boards/user_board/init.o
 .debug_ranges  0x00000318       0xf8 src/main.o

.debug_macro    0x00000000     0x2e78
 *(.debug_macro)
 .debug_macro   0x00000000      0x235 src/ASF/common/services/spi/xmega_spi/spi_master.o
 .debug_macro   0x00000235       0x2e src/ASF/common/services/spi/xmega_spi/spi_master.o
 .debug_macro   0x00000263       0x40 src/ASF/common/services/spi/xmega_spi/spi_master.o
 .debug_macro   0x000002a3      0x279 src/ASF/common/services/spi/xmega_spi/spi_master.o
 .debug_macro   0x0000051c       0x34 src/ASF/common/services/spi/xmega_spi/spi_master.o
 .debug_macro   0x00000550       0x68 src/ASF/common/services/spi/xmega_spi/spi_master.o
 .debug_macro   0x000005b8       0x2f src/ASF/common/services/spi/xmega_spi/spi_master.o
 .debug_macro   0x000005e7      0x154 src/ASF/common/services/spi/xmega_spi/spi_master.o
 .debug_macro   0x0000073b      0x21a src/ASF/common/services/usb/class/hid/device/generic/udi_hid_generic.o
 .debug_macro   0x00000955       0x71 src/ASF/common/services/usb/class/hid/device/generic/udi_hid_generic.o
 .debug_macro   0x000009c6       0x2e src/ASF/common/services/usb/class/hid/device/generic/udi_hid_generic.o
 .debug_macro   0x000009f4      0x24b src/ASF/common/services/usb/class/hid/device/generic/udi_hid_generic.o
 .debug_macro   0x00000c3f      0x162 src/ASF/common/services/usb/class/hid/device/generic/udi_hid_generic.o
 .debug_macro   0x00000da1      0x44f src/ASF/common/services/usb/class/hid/device/generic/udi_hid_generic.o
 .debug_macro   0x000011f0       0x16 src/ASF/common/services/usb/class/hid/device/generic/udi_hid_generic.o
 .debug_macro   0x00001206       0x10 src/ASF/common/services/usb/class/hid/device/generic/udi_hid_generic.o
 .debug_macro   0x00001216       0x1c src/ASF/common/services/usb/class/hid/device/generic/udi_hid_generic.o
 .debug_macro   0x00001232       0x16 src/ASF/common/services/usb/class/hid/device/generic/udi_hid_generic.o
 .debug_macro   0x00001248      0x207 src/ASF/common/services/usb/udc/udc.o
 .debug_macro   0x0000144f      0x194 src/ASF/xmega/drivers/spi/spi.o
 .debug_macro   0x000015e3      0x2e0 src/ASF/xmega/drivers/usb/usb_device.o
 .debug_macro   0x000018c3       0x26 src/ASF/xmega/drivers/usb/usb_device.o
 .debug_macro   0x000018e9      0x46a src/ASF/xmega/drivers/usb/usb_device.o
 .debug_macro   0x00001d53       0x10 src/ASF/xmega/drivers/usb/usb_device.o
 .debug_macro   0x00001d63       0x3b src/ASF/xmega/drivers/usb/usb_device.o
 .debug_macro   0x00001d9e      0x1fa src/ASF/common/services/usb/class/hid/device/generic/udi_hid_generic_desc.o
 .debug_macro   0x00001f98      0x202 src/ASF/common/services/usb/class/hid/device/udi_hid.o
 .debug_macro   0x0000219a      0x1a3 src/ASF/common/services/sleepmgr/xmega/sleepmgr.o
 .debug_macro   0x0000233d      0x1eb src/ASF/common/services/clock/xmega/sysclk.o
 .debug_macro   0x00002528      0x335 src/ASF/common/boards/user_board/init.o
 .debug_macro   0x0000285d       0x34 src/ASF/common/boards/user_board/init.o
 .debug_macro   0x00002891       0x28 src/ASF/common/boards/user_board/init.o
 .debug_macro   0x000028b9       0x23 src/ASF/common/boards/user_board/init.o
 .debug_macro   0x000028dc       0x77 src/ASF/common/boards/user_board/init.o
 .debug_macro   0x00002953       0x22 src/ASF/common/boards/user_board/init.o
 .debug_macro   0x00002975      0x3b0 src/main.o
 .debug_macro   0x00002d25       0x58 src/main.o
 .debug_macro   0x00002d7d       0x10 src/main.o
 .debug_macro   0x00002d8d       0xeb src/main.o
OUTPUT(LED_matrix_USB.elf elf32-avr)
LOAD linker stubs
